// Jest Snapshot v1, https://jestjs.io/docs/snapshot-testing

exports[`Modal UI Snapshot should render the choice modal correctly when shown 1`] = `""`;
